﻿
> gw2-alliance-manager@0.1.0 build
> next build

[1G[0K [33m[1mÔÜá[22m[39m You are using a non-standard "NODE_ENV" value in your environment. This creates inconsistencies in the project and is strongly advised against. Read more: https://nextjs.org/docs/messages/non-standard-node-env
  [1m[38;2;173;127;168mÔû▓ Next.js 14.2.35[39m[22m
  - Environments: .env

 [37m[1m [22m[39m Creating an optimized production build ...
 [32m[1mÔ£ô[22m[39m Compiled successfully
[?25l [37m[1m [22m[39m Linting and checking validity of types  [36m.[39m[2K[1G [37m[1m [22m[39m Linting and checking validity of types  [36m..[39m[2K[1G [37m[1m [22m[39m Linting and checking validity of types  [36m...[39m[2K[1G [37m[1m [22m[39m Linting and checking validity of types  [36m.[39m[2K[1G [37m[1m [22m[39m Linting and checking validity of types  [36m..[39m[2K[1G [37m[1m [22m[39m Linting and checking validity of types  [36m...[39m[2K[1G [37m[1m [22m[39m Linting and checking validity of types  [36m.[39m[2K[1G [37m[1m [22m[39m Linting and checking validity of types  [36m..[39m[2K[1G [37m[1m [22m[39m Linting and checking validity of types  [36m...[39m[2K[1G [37m[1m [22m[39m Linting and checking validity of types  [36m.[39m[2K[1G [37m[1m [22m[39m Linting and checking validity of types  [36m..[39m[2K[1G [37m[1m [22m[39m Linting and checking validity of types  [36m...[39m[2K[1G [37m[1m [22m[39m Linting and checking validity of types  [36m.[39m[2K[1G [37m[1m [22m[39m Linting and checking validity of types  [36m..[39m[2K[1G [37m[1m [22m[39m Linting and checking validity of types  [36m...[39m[2K[1G [37m[1m [22m[39m Linting and checking validity of types  [36m.[39m[2K[1G [37m[1m [22m[39m Linting and checking validity of types  [36m..[39m[2K[1G [37m[1m [22m[39m Linting and checking validity of types  [36m...[39m[2K[1G [37m[1m [22m[39m Linting and checking validity of types  [36m.[39m[2K[1G [37m[1m [22m[39m Linting and checking validity of types  [36m..[39m[2K[1G [37m[1m [22m[39m Linting and checking validity of types  [36m...[39m[2K[1G [37m[1m [22m[39m Linting and checking validity of types  [36m.[39m[2K[1G [37m[1m [22m[39m Linting and checking validity of types  [36m..[39m[2K[1G [37m[1m [22m[39m Linting and checking validity of types  [36m...[39m[2K[1G [37m[1m [22m[39m Linting and checking validity of types  [36m.[39m[2K[1G [37m[1m [22m[39m Linting and checking validity of types  [36m..[39m[2K[1G [37m[1m [22m[39m Linting and checking validity of types  [36m...[39m[2K[1G [37m[1m [22m[39m Linting and checking validity of types  [36m.[39m[2K[1G [37m[1m [22m[39m Linting and checking validity of types  [36m..[39m[2K[1G [37m[1m [22m[39m Linting and checking validity of types  [36m...[39m[2K[1G [37m[1m [22m[39m Linting and checking validity of types  [36m.[39m[2K[1G [37m[1m [22m[39m Linting and checking validity of types  [36m..[39m[2K[1G [37m[1m [22m[39m Linting and checking validity of types  [36m...[39m[2K[1G [37m[1m [22m[39m Linting and checking validity of types  [36m.[39m[2K[1G [37m[1m [22m[39m Linting and checking validity of types  [36m..[39m[2K[1G[?25h [37m[1m [22m[39m Linting and checking validity of types    
 [32m[1mÔ£ô[22m[39m Linting and checking validity of types 
[?25l [37m[1m [22m[39m Collecting page data  [36m.[39m[2K[1G [37m[1m [22m[39m Collecting page data  [36m..[39m[2K[1G [37m[1m [22m[39m Collecting page data  [36m...[39m[2K[1G [37m[1m [22m[39m Collecting page data  [36m.[39m[2K[1G [37m[1m [22m[39m Collecting page data  [36m..[39m[2K[1G [37m[1m [22m[39m Collecting page data  [36m...[39m[2K[1G [37m[1m [22m[39m Collecting page data  [36m.[39m[2K[1G [37m[1m [22m[39m Collecting page data  [36m..[39m[2K[1G [37m[1m [22m[39m Collecting page data  [36m...[39m[2K[1G[?25h [37m[1m [22m[39m Collecting page data    
 [32m[1mÔ£ô[22m[39m Collecting page data 
[?25l [37m[1m [22m[39m Generating static pages (0/14)  [36m[    ][39m[2K[1G [37m[1m [22m[39m Generating static pages (0/14)  [36m[=   ][39mTypeError: Cannot read properties of null (reading 'useContext')
    at t.useContext (/app/node_modules/next/dist/compiled/next-server/app-page.runtime.prod.js:12:109421)
    at f (/app/.next/server/chunks/503.js:1:42504)
    at h (/app/.next/server/chunks/503.js:1:34406)
    at au (/app/node_modules/next/dist/compiled/next-server/app-page.runtime.dev.js:35:10446)
    at /app/node_modules/next/dist/compiled/next-server/app-page.runtime.dev.js:35:15122
    at aw (/app/node_modules/next/dist/compiled/next-server/app-page.runtime.dev.js:35:16908)
    at a_ (/app/node_modules/next/dist/compiled/next-server/app-page.runtime.dev.js:35:49776)
    at ab (/app/node_modules/next/dist/compiled/next-server/app-page.runtime.dev.js:35:11808)
    at /app/node_modules/next/dist/compiled/next-server/app-page.runtime.dev.js:35:16871
    at aw (/app/node_modules/next/dist/compiled/next-server/app-page.runtime.dev.js:35:16908) {
  digest: '2122755800'
}
TypeError: Cannot read properties of null (reading 'useContext')
    at t.useContext (/app/node_modules/next/dist/compiled/next-server/app-page.runtime.prod.js:12:109421)
    at f (/app/.next/server/chunks/503.js:1:42504)
    at h (/app/.next/server/chunks/503.js:1:34406)
    at au (/app/node_modules/next/dist/compiled/next-server/app-page.runtime.dev.js:35:10446)
    at /app/node_modules/next/dist/compiled/next-server/app-page.runtime.dev.js:35:15122
    at aw (/app/node_modules/next/dist/compiled/next-server/app-page.runtime.dev.js:35:16908)
    at a_ (/app/node_modules/next/dist/compiled/next-server/app-page.runtime.dev.js:35:49776)
    at ab (/app/node_modules/next/dist/compiled/next-server/app-page.runtime.dev.js:35:11808)
    at /app/node_modules/next/dist/compiled/next-server/app-page.runtime.dev.js:35:16871
    at aw (/app/node_modules/next/dist/compiled/next-server/app-page.runtime.dev.js:35:16908)

Error occurred prerendering page "/members". Read more: https://nextjs.org/docs/messages/prerender-error

TypeError: Cannot read properties of null (reading 'useContext')
    at t.useContext (/app/node_modules/next/dist/compiled/next-server/app-page.runtime.prod.js:12:109421)
    at f (/app/.next/server/chunks/503.js:1:42504)
    at h (/app/.next/server/chunks/503.js:1:34406)
    at au (/app/node_modules/next/dist/compiled/next-server/app-page.runtime.dev.js:35:10446)
    at /app/node_modules/next/dist/compiled/next-server/app-page.runtime.dev.js:35:15122
    at aw (/app/node_modules/next/dist/compiled/next-server/app-page.runtime.dev.js:35:16908)
    at a_ (/app/node_modules/next/dist/compiled/next-server/app-page.runtime.dev.js:35:49776)
    at ab (/app/node_modules/next/dist/compiled/next-server/app-page.runtime.dev.js:35:11808)
    at /app/node_modules/next/dist/compiled/next-server/app-page.runtime.dev.js:35:16871
    at aw (/app/node_modules/next/dist/compiled/next-server/app-page.runtime.dev.js:35:16908)
TypeError: Cannot read properties of null (reading 'useContext')
    at t.useContext (/app/node_modules/next/dist/compiled/next-server/app-page.runtime.prod.js:12:109421)
    at f (/app/.next/server/chunks/503.js:1:42504)
    at h (/app/.next/server/chunks/503.js:1:34406)
    at au (/app/node_modules/next/dist/compiled/next-server/app-page.runtime.dev.js:35:10446)
    at /app/node_modules/next/dist/compiled/next-server/app-page.runtime.dev.js:35:15122
    at aw (/app/node_modules/next/dist/compiled/next-server/app-page.runtime.dev.js:35:16908)
    at a_ (/app/node_modules/next/dist/compiled/next-server/app-page.runtime.dev.js:35:49776)
    at ab (/app/node_modules/next/dist/compiled/next-server/app-page.runtime.dev.js:35:11808)
    at /app/node_modules/next/dist/compiled/next-server/app-page.runtime.dev.js:35:16871
    at aw (/app/node_modules/next/dist/compiled/next-server/app-page.runtime.dev.js:35:16908) {
  digest: '2122755800'
}
TypeError: Cannot read properties of null (reading 'useContext')
    at t.useContext (/app/node_modules/next/dist/compiled/next-server/app-page.runtime.prod.js:12:109421)
    at f (/app/.next/server/chunks/503.js:1:42504)
    at h (/app/.next/server/chunks/503.js:1:34406)
    at au (/app/node_modules/next/dist/compiled/next-server/app-page.runtime.dev.js:35:10446)
    at /app/node_modules/next/dist/compiled/next-server/app-page.runtime.dev.js:35:15122
    at aw (/app/node_modules/next/dist/compiled/next-server/app-page.runtime.dev.js:35:16908)
    at a_ (/app/node_modules/next/dist/compiled/next-server/app-page.runtime.dev.js:35:49776)
    at ab (/app/node_modules/next/dist/compiled/next-server/app-page.runtime.dev.js:35:11808)
    at /app/node_modules/next/dist/compiled/next-server/app-page.runtime.dev.js:35:16871
    at aw (/app/node_modules/next/dist/compiled/next-server/app-page.runtime.dev.js:35:16908)

Error occurred prerendering page "/". Read more: https://nextjs.org/docs/messages/prerender-error

TypeError: Cannot read properties of null (reading 'useContext')
    at t.useContext (/app/node_modules/next/dist/compiled/next-server/app-page.runtime.prod.js:12:109421)
    at f (/app/.next/server/chunks/503.js:1:42504)
    at h (/app/.next/server/chunks/503.js:1:34406)
    at au (/app/node_modules/next/dist/compiled/next-server/app-page.runtime.dev.js:35:10446)
    at /app/node_modules/next/dist/compiled/next-server/app-page.runtime.dev.js:35:15122
    at aw (/app/node_modules/next/dist/compiled/next-server/app-page.runtime.dev.js:35:16908)
    at a_ (/app/node_modules/next/dist/compiled/next-server/app-page.runtime.dev.js:35:49776)
    at ab (/app/node_modules/next/dist/compiled/next-server/app-page.runtime.dev.js:35:11808)
    at /app/node_modules/next/dist/compiled/next-server/app-page.runtime.dev.js:35:16871
    at aw (/app/node_modules/next/dist/compiled/next-server/app-page.runtime.dev.js:35:16908)
TypeError: Cannot read properties of null (reading 'useContext')
    at t.useContext (/app/node_modules/next/dist/compiled/next-server/app-page.runtime.prod.js:12:109421)
    at f (/app/.next/server/chunks/503.js:1:42504)
    at h (/app/.next/server/chunks/503.js:1:34406)
    at au (/app/node_modules/next/dist/compiled/next-server/app-page.runtime.dev.js:35:10446)
    at /app/node_modules/next/dist/compiled/next-server/app-page.runtime.dev.js:35:15122
    at aw (/app/node_modules/next/dist/compiled/next-server/app-page.runtime.dev.js:35:16908)
    at a_ (/app/node_modules/next/dist/compiled/next-server/app-page.runtime.dev.js:35:49776)
    at ab (/app/node_modules/next/dist/compiled/next-server/app-page.runtime.dev.js:35:11808)
    at /app/node_modules/next/dist/compiled/next-server/app-page.runtime.dev.js:35:16871
    at aw (/app/node_modules/next/dist/compiled/next-server/app-page.runtime.dev.js:35:16908) {
  digest: '2122755800'
}
TypeError: Cannot read properties of null (reading 'useContext')
    at t.useContext (/app/node_modules/next/dist/compiled/next-server/app-page.runtime.prod.js:12:109421)
    at f (/app/.next/server/chunks/503.js:1:42504)
    at h (/app/.next/server/chunks/503.js:1:34406)
    at au (/app/node_modules/next/dist/compiled/next-server/app-page.runtime.dev.js:35:10446)
    at /app/node_modules/next/dist/compiled/next-server/app-page.runtime.dev.js:35:15122
    at aw (/app/node_modules/next/dist/compiled/next-server/app-page.runtime.dev.js:35:16908)
    at a_ (/app/node_modules/next/dist/compiled/next-server/app-page.runtime.dev.js:35:49776)
    at ab (/app/node_modules/next/dist/compiled/next-server/app-page.runtime.dev.js:35:11808)
    at /app/node_modules/next/dist/compiled/next-server/app-page.runtime.dev.js:35:16871
    at aw (/app/node_modules/next/dist/compiled/next-server/app-page.runtime.dev.js:35:16908)

Error occurred prerendering page "/profile". Read more: https://nextjs.org/docs/messages/prerender-error

TypeError: Cannot read properties of null (reading 'useContext')
    at t.useContext (/app/node_modules/next/dist/compiled/next-server/app-page.runtime.prod.js:12:109421)
    at f (/app/.next/server/chunks/503.js:1:42504)
    at h (/app/.next/server/chunks/503.js:1:34406)
    at au (/app/node_modules/next/dist/compiled/next-server/app-page.runtime.dev.js:35:10446)
    at /app/node_modules/next/dist/compiled/next-server/app-page.runtime.dev.js:35:15122
    at aw (/app/node_modules/next/dist/compiled/next-server/app-page.runtime.dev.js:35:16908)
    at a_ (/app/node_modules/next/dist/compiled/next-server/app-page.runtime.dev.js:35:49776)
    at ab (/app/node_modules/next/dist/compiled/next-server/app-page.runtime.dev.js:35:11808)
    at /app/node_modules/next/dist/compiled/next-server/app-page.runtime.dev.js:35:16871
    at aw (/app/node_modules/next/dist/compiled/next-server/app-page.runtime.dev.js:35:16908)
TypeError: Cannot read properties of null (reading 'useContext')
    at t.useContext (/app/node_modules/next/dist/compiled/next-server/app-page.runtime.prod.js:12:109421)
    at f (/app/.next/server/chunks/503.js:1:42504)
    at h (/app/.next/server/chunks/503.js:1:34406)
    at au (/app/node_modules/next/dist/compiled/next-server/app-page.runtime.dev.js:35:10446)
    at /app/node_modules/next/dist/compiled/next-server/app-page.runtime.dev.js:35:15122
    at aw (/app/node_modules/next/dist/compiled/next-server/app-page.runtime.dev.js:35:16908)
    at a_ (/app/node_modules/next/dist/compiled/next-server/app-page.runtime.dev.js:35:49776)
    at ab (/app/node_modules/next/dist/compiled/next-server/app-page.runtime.dev.js:35:11808)
    at /app/node_modules/next/dist/compiled/next-server/app-page.runtime.dev.js:35:16871
    at aw (/app/node_modules/next/dist/compiled/next-server/app-page.runtime.dev.js:35:16908) {
  digest: '2122755800'
}
TypeError: Cannot read properties of null (reading 'useContext')
    at t.useContext (/app/node_modules/next/dist/compiled/next-server/app-page.runtime.prod.js:12:109421)
    at f (/app/.next/server/chunks/503.js:1:42504)
    at h (/app/.next/server/chunks/503.js:1:34406)
    at au (/app/node_modules/next/dist/compiled/next-server/app-page.runtime.dev.js:35:10446)
    at /app/node_modules/next/dist/compiled/next-server/app-page.runtime.dev.js:35:15122
    at aw (/app/node_modules/next/dist/compiled/next-server/app-page.runtime.dev.js:35:16908)
    at a_ (/app/node_modules/next/dist/compiled/next-server/app-page.runtime.dev.js:35:49776)
    at ab (/app/node_modules/next/dist/compiled/next-server/app-page.runtime.dev.js:35:11808)
    at /app/node_modules/next/dist/compiled/next-server/app-page.runtime.dev.js:35:16871
    at aw (/app/node_modules/next/dist/compiled/next-server/app-page.runtime.dev.js:35:16908)

Error occurred prerendering page "/history". Read more: https://nextjs.org/docs/messages/prerender-error

TypeError: Cannot read properties of null (reading 'useContext')
    at t.useContext (/app/node_modules/next/dist/compiled/next-server/app-page.runtime.prod.js:12:109421)
    at f (/app/.next/server/chunks/503.js:1:42504)
    at h (/app/.next/server/chunks/503.js:1:34406)
    at au (/app/node_modules/next/dist/compiled/next-server/app-page.runtime.dev.js:35:10446)
    at /app/node_modules/next/dist/compiled/next-server/app-page.runtime.dev.js:35:15122
    at aw (/app/node_modules/next/dist/compiled/next-server/app-page.runtime.dev.js:35:16908)
    at a_ (/app/node_modules/next/dist/compiled/next-server/app-page.runtime.dev.js:35:49776)
    at ab (/app/node_modules/next/dist/compiled/next-server/app-page.runtime.dev.js:35:11808)
    at /app/node_modules/next/dist/compiled/next-server/app-page.runtime.dev.js:35:16871
    at aw (/app/node_modules/next/dist/compiled/next-server/app-page.runtime.dev.js:35:16908)
TypeError: Cannot read properties of null (reading 'useContext')
    at t.useContext (/app/node_modules/next/dist/compiled/next-server/app-page.runtime.prod.js:12:109421)
    at f (/app/.next/server/chunks/503.js:1:42504)
    at h (/app/.next/server/chunks/503.js:1:34406)
    at au (/app/node_modules/next/dist/compiled/next-server/app-page.runtime.dev.js:35:10446)
    at /app/node_modules/next/dist/compiled/next-server/app-page.runtime.dev.js:35:15122
    at aw (/app/node_modules/next/dist/compiled/next-server/app-page.runtime.dev.js:35:16908)
    at a_ (/app/node_modules/next/dist/compiled/next-server/app-page.runtime.dev.js:35:49776)
    at ab (/app/node_modules/next/dist/compiled/next-server/app-page.runtime.dev.js:35:11808)
    at /app/node_modules/next/dist/compiled/next-server/app-page.runtime.dev.js:35:16871
    at aw (/app/node_modules/next/dist/compiled/next-server/app-page.runtime.dev.js:35:16908) {
  digest: '2122755800'
}
TypeError: Cannot read properties of null (reading 'useContext')
    at t.useContext (/app/node_modules/next/dist/compiled/next-server/app-page.runtime.prod.js:12:109421)
    at f (/app/.next/server/chunks/503.js:1:42504)
    at h (/app/.next/server/chunks/503.js:1:34406)
    at au (/app/node_modules/next/dist/compiled/next-server/app-page.runtime.dev.js:35:10446)
    at /app/node_modules/next/dist/compiled/next-server/app-page.runtime.dev.js:35:15122
    at aw (/app/node_modules/next/dist/compiled/next-server/app-page.runtime.dev.js:35:16908)
    at a_ (/app/node_modules/next/dist/compiled/next-server/app-page.runtime.dev.js:35:49776)
    at ab (/app/node_modules/next/dist/compiled/next-server/app-page.runtime.dev.js:35:11808)
    at /app/node_modules/next/dist/compiled/next-server/app-page.runtime.dev.js:35:16871
    at aw (/app/node_modules/next/dist/compiled/next-server/app-page.runtime.dev.js:35:16908)

Error occurred prerendering page "/guilds". Read more: https://nextjs.org/docs/messages/prerender-error

TypeError: Cannot read properties of null (reading 'useContext')
    at t.useContext (/app/node_modules/next/dist/compiled/next-server/app-page.runtime.prod.js:12:109421)
    at f (/app/.next/server/chunks/503.js:1:42504)
    at h (/app/.next/server/chunks/503.js:1:34406)
    at au (/app/node_modules/next/dist/compiled/next-server/app-page.runtime.dev.js:35:10446)
    at /app/node_modules/next/dist/compiled/next-server/app-page.runtime.dev.js:35:15122
    at aw (/app/node_modules/next/dist/compiled/next-server/app-page.runtime.dev.js:35:16908)
    at a_ (/app/node_modules/next/dist/compiled/next-server/app-page.runtime.dev.js:35:49776)
    at ab (/app/node_modules/next/dist/compiled/next-server/app-page.runtime.dev.js:35:11808)
    at /app/node_modules/next/dist/compiled/next-server/app-page.runtime.dev.js:35:16871
    at aw (/app/node_modules/next/dist/compiled/next-server/app-page.runtime.dev.js:35:16908)
PrismaClientKnownRequestError: 
Invalid `t.prisma.guild.findMany()` invocation in
/app/.next/server/app/guilds/page.js:1:8214

ÔåÆ 1 (()=>{var e={};e.id=255,e.ids=[255],e.modules={53524:e=>{"use strict";e.exports=require("@prisma/client")},72934:e=>{"use strict";e.exports=require("next/dist/client/components/action-async-storage.external.js")},54580:e=>{"use strict";e.exports=require("next/dist/client/components/request-async-storage.external.js")},45869:e=>{"use strict";e.exports=require("next/dist/client/components/static-generation-async-storage.external.js")},20399:e=>{"use strict";e.exports=require("next/dist/compiled/next-server/app-page.runtime.prod.js")},27790:e=>{"use strict";e.exports=require("assert")},78893:e=>{"use strict";e.exports=require("buffer")},84770:e=>{"use strict";e.exports=require("crypto")},17702:e=>{"use strict";e.exports=require("events")},32615:e=>{"use strict";e.exports=require("http")},35240:e=>{"use strict";e.exports=require("https")},86624:e=>{"use strict";e.exports=require("querystring")},17360:e=>{"use strict";e.exports=require("url")},21764:e=>{"use strict";e.exports=require("util")},71568:e=>{"use strict";e.exports=require("zlib")},34371:(e,r,i)=>{"use strict";i.r(r),i.d(r,{GlobalError:()=>n.a,__next_app__:()=>p,originalPathname:()=>u,pages:()=>c,routeModule:()=>m,tree:()=>o});var s=i(23191),t=i(88716),l=i(37922),n=i.n(l),a=i(95231),d={};for(let e in a)0>["default","tree","pages","GlobalError","originalPathname","__next_app__","routeModule"].indexOf(e)&&(d[e]=()=>a[e]);i.d(r,d);let o=["",{children:["guilds",{children:["__PAGE__",{},{page:[()=>Promise.resolve().then(i.bind(i,20506)),"/app/app/guilds/page.tsx"]}]},{}]},{layout:[()=>Promise.resolve().then(i.bind(i,61083)),"/app/app/layout.tsx"],error:[()=>Promise.resolve().then(i.bind(i,26083)),"/app/app/error.tsx"],loading:[()=>Promise.resolve().then(i.bind(i,19644)),"/app/app/loading.tsx"],"not-found":[()=>Promise.resolve().then(i.t.bind(i,35866,23)),"next/dist/client/components/not-found-error"]}],c=["/app/app/guilds/page.tsx"],u="/guilds/page",p={require:i,loadChunk:()=>Promise.resolve()},m=new s.AppPageRouteModule({definition:{kind:t.x.APP_PAGE,page:"/guilds/page",pathname:"/guilds",bundlePath:"",filename:"",appPaths:[]},userland:{loaderTree:o}})},94718:(e,r,i)=>{Promise.resolve().then(i.bind(i,33850)),Promise.resolve().then(i.bind(i,65496)),Promise.resolve().then(i.t.bind(i,79404,23))},20382:(e,r,i)=>{Promise.resolve().then(i.bind(i,67733))},12331:(e,r,i)=>{Promise.resolve().then(i.bind(i,87446))},99189:(e,r,i)=>{Promise.resolve().then(i.t.bind(i,12994,23)),Promise.resolve().then(i.t.bind(i,96114,23)),Promise.resolve().then(i.t.bind(i,9727,23)),Promise.resolve().then(i.t.bind(i,79671,23)),Promise.resolve().then(i.t.bind(i,41868,23)),Promise.resolve().then(i.t.bind(i,84759,23))},35303:()=>{},33850:(e,r,i)=>{"use strict";i.d(r,{default:()=>a});var s=i(10326),t=i(77109),l=i(90434),n=i(46226);function a({allianceName:e="Alliance Manager",logoUrl:r}){let{data:i}=(0,t.useSession)();return(0,s.jsxs)("header",{className:"main-header",children:[s.jsx("div",{className:"logo-area",children:(0,s.jsxs)(l.default,{href:"/",style:{display:"flex",alignItems:"center",gap:"0.75rem",textDecoration:"none"},children:[r&&s.jsx(n.default,{src:r,alt:"Alliance Logo",width:40,height:40,className:"alliance-logo"}),s.jsx("h2",{style:{margin:0},children:e})]})}),s.jsx("div",{className:"auth-area",children:i?(0,s.jsxs)(s.Fragment,{children:[(0,s.jsxs)("span",{className:"user-greeting",children:["Eingeloggt als ",i.user?.name||i.user?.email," (",i.user?.role,")"]}),s.jsx("button",{className:"btn-logout",onClick:()=>(0,t.signOut)(),children:"Logout"})]}):s.jsx(l.default,{href:"/login",className:"btn-login",children:"Login"})})]})}i(31740)},65496:(e,r,i)=>{"use strict";i.d(r,{default:()=>l});var s=i(10326),t=i(77109);function l({children:e}){return s.jsx(t.SessionProvider,{children:e})}},67733:(e,r,i)=>{"use strict";i.r(r),i.d(r,{default:()=>t});var s=i(10326);function t({error:e,reset:r}){return(0,s.jsxs)("div",{className:"error-container",children:[s.jsx("h2",{children:"Ein Fehler ist aufgetreten!"}),s.jsx("p",{children:e.message}),s.jsx("button",{onClick:()=>r(),className:"btn-retry",children:"Erneut versuchen"})]})}i(17577),i(4047)},87446:(e,r,i)=>{"use strict";i.d(r,{default:()=>l});var s=i(10326),t=i(17577);function l({initialGuilds:e,totalAllianceMembers:r}){let[i,l]=(0,t.useState)(""),[n,a]=(0,t.useState)("name"),[d,o]=(0,t.useState)("asc"),c=e=>{n===e?o("asc"===d?"desc":"asc"):(a(e),o("asc"))},u=(0,t.useMemo)(()=>{let r=e||[];if(i.trim()){let e=i.toLowerCase();r=r.filter(r=>r.name.toLowerCase().includes(e)||r.tag.toLowerCase().includes(e))}return[...r].sort((e,r)=>{if(e.isAllianceGuild&&!r.isAllianceGuild)return -1;if(!e.isAllianceGuild&&r.isAllianceGuild)return 1;let i=e[n],s=r[n];return("boolean"==typeof i&&(i=i?1:0),"boolean"==typeof s&&(s=s?1:0),"string"==typeof i&&(i=i.toLowerCase()),"string"==typeof s&&(s=s.toLowerCase()),i<s)?"asc"===d?-1:1:i>s?"asc"===d?1:-1:0})},[e,i,n,d]),p=({field:e})=>n!==e?s.jsx("span",{style:{opacity:.3,marginLeft:"4px",fontSize:"0.8rem"},children:"Ôåò"}):"asc"===d?s.jsx("span",{style:{color:"var(--accent-color)",marginLeft:"4px",fontSize:"0.8rem"},children:"Ôû▓"}):s.jsx("span",{style:{color:"var(--accent-color)",marginLeft:"4px",fontSize:"0.8rem"},children:"Ôû╝"});return(0,s.jsxs)("div",{children:[(0,s.jsxs)("div",{style:{marginBottom:"1.5rem",display:"flex",gap:"1rem",alignItems:"center",flexWrap:"wrap"},children:[s.jsx("input",{type:"text",placeholder:"Suchen nach Name, Tag...",value:i,onChange:e=>l(e.target.value),className:"search-input glass-panel"}),(0,s.jsxs)("span",{style:{opacity:.7,textShadow:"0 0 5px rgba(255,255,255,0.2)"},children:[u.length," Gilden ",u.length!==e.length?"gefiltert":"gesamt"]})]}),s.jsx("div",{className:"table-wrapper",children:(0,s.jsxs)("table",{className:"member-table glass-panel",children:[s.jsx("thead",{children:(0,s.jsxs)("tr",{children:[(0,s.jsxs)("th",{onClick:()=>c("name"),style:{cursor:"pointer"},children:["Gilde ",s.jsx(p,{field:"name"})]}),(0,s.jsxs)("th",{onClick:()=>c("hasLeaderToken"),style:{cursor:"pointer"},children:["Sync-Status ",s.jsx(p,{field:"hasLeaderToken"})]}),(0,s.jsxs)("th",{onClick:()=>c("totalActive"),style:{cursor:"pointer",textAlign:"right"},children:["Aktive Spieler ",s.jsx(p,{field:"totalActive"})]}),(0,s.jsxs)("th",{onClick:()=>c("wvwActive"),style:{cursor:"pointer",textAlign:"right"},children:["WvW Vertreten ",s.jsx(p,{field:"wvwActive"})]}),s.jsx("th",{style:{textAlign:"right"},children:"Anteil zur Allianz"})]})}),(0,s.jsxs)("tbody",{children:[u.map(e=>{let i=r>0?Math.round(e.wvwActive/r*100):0;return(0,s.jsxs)("tr",{style:e.isAllianceGuild?{background:"rgba(102,252,241,0.05)"}:{},children:[(0,s.jsxs)("td",{children:[e.isAllianceGuild&&s.jsx("span",{style:{marginRight:"8px",color:"var(--accent-color)"},title:"Haupt-Allianzgilde",children:"ÔÜö´©Å"}),s.jsx("strong",{children:e.name})," ",(0,s.jsxs)("span",{className:"guild-tag",style:{opacity:.6},children:["[",e.tag,"]"]})]}),s.jsx("td",{children:e.hasLeaderToken?"Ô£à API-Key hinterlegt":"ÔØî Kein API-Key"}),s.jsx("td",{style:{textAlign:"right",fontFamily:"monospace",fontSize:"1.1rem"},children:e.totalActive}),s.jsx("td",{style:{textAlign:"right",fontFamily:"monospace",fontSize:"1.1rem"},children:e.wvwActive}),(0,s.jsxs)("td",{style:{textAlign:"right",width:"200px"},children:[s.jsx("div",{style:{display:"inline-block",backgroundColor:"rgba(255,255,255,0.1)",width:"100px",height:"10px",borderRadius:"5px",overflow:"hidden",verticalAlign:"middle",marginRight:"10px"},children:s.jsx("div",{style:{backgroundColor:"var(--accent-color)",width:`${i}%`,height:"100%"}})}),i,"%"]})]},e.id)}),0===u.length&&s.jsx("tr",{children:s.jsx("td",{colSpan:5,style:{textAlign:"center",padding:"3rem"},children:"Keine entsprechenden Gilden gefunden. Um eine Gilde hinzuzuf\xfcgen, m\xfcssen in den Datenbank-Settings entsprechende API-Keys eingef\xfcgt werden."})})]})]})})]})}},26083:(e,r,i)=>{"use strict";i.r(r),i.d(r,{default:()=>s});let s=(0,i(68570).createProxy)(String.raw`/app/app/error.tsx#default`)},20506:(e,r,i)=>{"use strict";i.r(r),i.d(r,{default:()=>n});var s=i(19510),t=i(72331);let l=(0,i(68570).createProxy)(String.raw`/app/app/guilds/GuildsClient.tsx#default`);async function n(){let e=(await t.prisma.guild.findMany(
The table `public.MemberGuild` does not exist in the current database.
    at $n.handleRequestError (/app/node_modules/@prisma/client/runtime/library.js:121:7315)
    at $n.handleAndLogRequestError (/app/node_modules/@prisma/client/runtime/library.js:121:6623)
    at $n.request (/app/node_modules/@prisma/client/runtime/library.js:121:6307)
    at async l (/app/node_modules/@prisma/client/runtime/library.js:130:9633)
    at async n (/app/.next/server/app/guilds/page.js:1:8193) {
  code: 'P2021',
  clientVersion: '5.22.0',
  meta: { modelName: 'Guild', table: 'public.MemberGuild' },
  digest: '876806744'
}
PrismaClientKnownRequestError: 
Invalid `t.prisma.guild.findMany()` invocation in
/app/.next/server/app/guilds/page.js:1:8214

ÔåÆ 1 (()=>{var e={};e.id=255,e.ids=[255],e.modules={53524:e=>{"use strict";e.exports=require("@prisma/client")},72934:e=>{"use strict";e.exports=require("next/dist/client/components/action-async-storage.external.js")},54580:e=>{"use strict";e.exports=require("next/dist/client/components/request-async-storage.external.js")},45869:e=>{"use strict";e.exports=require("next/dist/client/components/static-generation-async-storage.external.js")},20399:e=>{"use strict";e.exports=require("next/dist/compiled/next-server/app-page.runtime.prod.js")},27790:e=>{"use strict";e.exports=require("assert")},78893:e=>{"use strict";e.exports=require("buffer")},84770:e=>{"use strict";e.exports=require("crypto")},17702:e=>{"use strict";e.exports=require("events")},32615:e=>{"use strict";e.exports=require("http")},35240:e=>{"use strict";e.exports=require("https")},86624:e=>{"use strict";e.exports=require("querystring")},17360:e=>{"use strict";e.exports=require("url")},21764:e=>{"use strict";e.exports=require("util")},71568:e=>{"use strict";e.exports=require("zlib")},34371:(e,r,i)=>{"use strict";i.r(r),i.d(r,{GlobalError:()=>n.a,__next_app__:()=>p,originalPathname:()=>u,pages:()=>c,routeModule:()=>m,tree:()=>o});var s=i(23191),t=i(88716),l=i(37922),n=i.n(l),a=i(95231),d={};for(let e in a)0>["default","tree","pages","GlobalError","originalPathname","__next_app__","routeModule"].indexOf(e)&&(d[e]=()=>a[e]);i.d(r,d);let o=["",{children:["guilds",{children:["__PAGE__",{},{page:[()=>Promise.resolve().then(i.bind(i,20506)),"/app/app/guilds/page.tsx"]}]},{}]},{layout:[()=>Promise.resolve().then(i.bind(i,61083)),"/app/app/layout.tsx"],error:[()=>Promise.resolve().then(i.bind(i,26083)),"/app/app/error.tsx"],loading:[()=>Promise.resolve().then(i.bind(i,19644)),"/app/app/loading.tsx"],"not-found":[()=>Promise.resolve().then(i.t.bind(i,35866,23)),"next/dist/client/components/not-found-error"]}],c=["/app/app/guilds/page.tsx"],u="/guilds/page",p={require:i,loadChunk:()=>Promise.resolve()},m=new s.AppPageRouteModule({definition:{kind:t.x.APP_PAGE,page:"/guilds/page",pathname:"/guilds",bundlePath:"",filename:"",appPaths:[]},userland:{loaderTree:o}})},94718:(e,r,i)=>{Promise.resolve().then(i.bind(i,33850)),Promise.resolve().then(i.bind(i,65496)),Promise.resolve().then(i.t.bind(i,79404,23))},20382:(e,r,i)=>{Promise.resolve().then(i.bind(i,67733))},12331:(e,r,i)=>{Promise.resolve().then(i.bind(i,87446))},99189:(e,r,i)=>{Promise.resolve().then(i.t.bind(i,12994,23)),Promise.resolve().then(i.t.bind(i,96114,23)),Promise.resolve().then(i.t.bind(i,9727,23)),Promise.resolve().then(i.t.bind(i,79671,23)),Promise.resolve().then(i.t.bind(i,41868,23)),Promise.resolve().then(i.t.bind(i,84759,23))},35303:()=>{},33850:(e,r,i)=>{"use strict";i.d(r,{default:()=>a});var s=i(10326),t=i(77109),l=i(90434),n=i(46226);function a({allianceName:e="Alliance Manager",logoUrl:r}){let{data:i}=(0,t.useSession)();return(0,s.jsxs)("header",{className:"main-header",children:[s.jsx("div",{className:"logo-area",children:(0,s.jsxs)(l.default,{href:"/",style:{display:"flex",alignItems:"center",gap:"0.75rem",textDecoration:"none"},children:[r&&s.jsx(n.default,{src:r,alt:"Alliance Logo",width:40,height:40,className:"alliance-logo"}),s.jsx("h2",{style:{margin:0},children:e})]})}),s.jsx("div",{className:"auth-area",children:i?(0,s.jsxs)(s.Fragment,{children:[(0,s.jsxs)("span",{className:"user-greeting",children:["Eingeloggt als ",i.user?.name||i.user?.email," (",i.user?.role,")"]}),s.jsx("button",{className:"btn-logout",onClick:()=>(0,t.signOut)(),children:"Logout"})]}):s.jsx(l.default,{href:"/login",className:"btn-login",children:"Login"})})]})}i(31740)},65496:(e,r,i)=>{"use strict";i.d(r,{default:()=>l});var s=i(10326),t=i(77109);function l({children:e}){return s.jsx(t.SessionProvider,{children:e})}},67733:(e,r,i)=>{"use strict";i.r(r),i.d(r,{default:()=>t});var s=i(10326);function t({error:e,reset:r}){return(0,s.jsxs)("div",{className:"error-container",children:[s.jsx("h2",{children:"Ein Fehler ist aufgetreten!"}),s.jsx("p",{children:e.message}),s.jsx("button",{onClick:()=>r(),className:"btn-retry",children:"Erneut versuchen"})]})}i(17577),i(4047)},87446:(e,r,i)=>{"use strict";i.d(r,{default:()=>l});var s=i(10326),t=i(17577);function l({initialGuilds:e,totalAllianceMembers:r}){let[i,l]=(0,t.useState)(""),[n,a]=(0,t.useState)("name"),[d,o]=(0,t.useState)("asc"),c=e=>{n===e?o("asc"===d?"desc":"asc"):(a(e),o("asc"))},u=(0,t.useMemo)(()=>{let r=e||[];if(i.trim()){let e=i.toLowerCase();r=r.filter(r=>r.name.toLowerCase().includes(e)||r.tag.toLowerCase().includes(e))}return[...r].sort((e,r)=>{if(e.isAllianceGuild&&!r.isAllianceGuild)return -1;if(!e.isAllianceGuild&&r.isAllianceGuild)return 1;let i=e[n],s=r[n];return("boolean"==typeof i&&(i=i?1:0),"boolean"==typeof s&&(s=s?1:0),"string"==typeof i&&(i=i.toLowerCase()),"string"==typeof s&&(s=s.toLowerCase()),i<s)?"asc"===d?-1:1:i>s?"asc"===d?1:-1:0})},[e,i,n,d]),p=({field:e})=>n!==e?s.jsx("span",{style:{opacity:.3,marginLeft:"4px",fontSize:"0.8rem"},children:"Ôåò"}):"asc"===d?s.jsx("span",{style:{color:"var(--accent-color)",marginLeft:"4px",fontSize:"0.8rem"},children:"Ôû▓"}):s.jsx("span",{style:{color:"var(--accent-color)",marginLeft:"4px",fontSize:"0.8rem"},children:"Ôû╝"});return(0,s.jsxs)("div",{children:[(0,s.jsxs)("div",{style:{marginBottom:"1.5rem",display:"flex",gap:"1rem",alignItems:"center",flexWrap:"wrap"},children:[s.jsx("input",{type:"text",placeholder:"Suchen nach Name, Tag...",value:i,onChange:e=>l(e.target.value),className:"search-input glass-panel"}),(0,s.jsxs)("span",{style:{opacity:.7,textShadow:"0 0 5px rgba(255,255,255,0.2)"},children:[u.length," Gilden ",u.length!==e.length?"gefiltert":"gesamt"]})]}),s.jsx("div",{className:"table-wrapper",children:(0,s.jsxs)("table",{className:"member-table glass-panel",children:[s.jsx("thead",{children:(0,s.jsxs)("tr",{children:[(0,s.jsxs)("th",{onClick:()=>c("name"),style:{cursor:"pointer"},children:["Gilde ",s.jsx(p,{field:"name"})]}),(0,s.jsxs)("th",{onClick:()=>c("hasLeaderToken"),style:{cursor:"pointer"},children:["Sync-Status ",s.jsx(p,{field:"hasLeaderToken"})]}),(0,s.jsxs)("th",{onClick:()=>c("totalActive"),style:{cursor:"pointer",textAlign:"right"},children:["Aktive Spieler ",s.jsx(p,{field:"totalActive"})]}),(0,s.jsxs)("th",{onClick:()=>c("wvwActive"),style:{cursor:"pointer",textAlign:"right"},children:["WvW Vertreten ",s.jsx(p,{field:"wvwActive"})]}),s.jsx("th",{style:{textAlign:"right"},children:"Anteil zur Allianz"})]})}),(0,s.jsxs)("tbody",{children:[u.map(e=>{let i=r>0?Math.round(e.wvwActive/r*100):0;return(0,s.jsxs)("tr",{style:e.isAllianceGuild?{background:"rgba(102,252,241,0.05)"}:{},children:[(0,s.jsxs)("td",{children:[e.isAllianceGuild&&s.jsx("span",{style:{marginRight:"8px",color:"var(--accent-color)"},title:"Haupt-Allianzgilde",children:"ÔÜö´©Å"}),s.jsx("strong",{children:e.name})," ",(0,s.jsxs)("span",{className:"guild-tag",style:{opacity:.6},children:["[",e.tag,"]"]})]}),s.jsx("td",{children:e.hasLeaderToken?"Ô£à API-Key hinterlegt":"ÔØî Kein API-Key"}),s.jsx("td",{style:{textAlign:"right",fontFamily:"monospace",fontSize:"1.1rem"},children:e.totalActive}),s.jsx("td",{style:{textAlign:"right",fontFamily:"monospace",fontSize:"1.1rem"},children:e.wvwActive}),(0,s.jsxs)("td",{style:{textAlign:"right",width:"200px"},children:[s.jsx("div",{style:{display:"inline-block",backgroundColor:"rgba(255,255,255,0.1)",width:"100px",height:"10px",borderRadius:"5px",overflow:"hidden",verticalAlign:"middle",marginRight:"10px"},children:s.jsx("div",{style:{backgroundColor:"var(--accent-color)",width:`${i}%`,height:"100%"}})}),i,"%"]})]},e.id)}),0===u.length&&s.jsx("tr",{children:s.jsx("td",{colSpan:5,style:{textAlign:"center",padding:"3rem"},children:"Keine entsprechenden Gilden gefunden. Um eine Gilde hinzuzuf\xfcgen, m\xfcssen in den Datenbank-Settings entsprechende API-Keys eingef\xfcgt werden."})})]})]})})]})}},26083:(e,r,i)=>{"use strict";i.r(r),i.d(r,{default:()=>s});let s=(0,i(68570).createProxy)(String.raw`/app/app/error.tsx#default`)},20506:(e,r,i)=>{"use strict";i.r(r),i.d(r,{default:()=>n});var s=i(19510),t=i(72331);let l=(0,i(68570).createProxy)(String.raw`/app/app/guilds/GuildsClient.tsx#default`);async function n(){let e=(await t.prisma.guild.findMany(
The table `public.MemberGuild` does not exist in the current database.
    at $n.handleRequestError (/app/node_modules/@prisma/client/runtime/library.js:121:7315)
    at $n.handleAndLogRequestError (/app/node_modules/@prisma/client/runtime/library.js:121:6623)
    at $n.request (/app/node_modules/@prisma/client/runtime/library.js:121:6307)
    at async l (/app/node_modules/@prisma/client/runtime/library.js:130:9633)
    at async n (/app/.next/server/app/guilds/page.js:1:8193) {
  code: 'P2021',
  clientVersion: '5.22.0',
  meta: { modelName: 'Guild', table: 'public.MemberGuild' },
  digest: '876806744'
}
TypeError: Cannot read properties of null (reading 'useContext')
    at t.useContext (/app/node_modules/next/dist/compiled/next-server/app-page.runtime.prod.js:12:109421)
    at f (/app/.next/server/chunks/503.js:1:42504)
    at h (/app/.next/server/chunks/503.js:1:34406)
    at au (/app/node_modules/next/dist/compiled/next-server/app-page.runtime.dev.js:35:10446)
    at /app/node_modules/next/dist/compiled/next-server/app-page.runtime.dev.js:35:15122
    at aw (/app/node_modules/next/dist/compiled/next-server/app-page.runtime.dev.js:35:16908)
    at a_ (/app/node_modules/next/dist/compiled/next-server/app-page.runtime.dev.js:35:49776)
    at ab (/app/node_modules/next/dist/compiled/next-server/app-page.runtime.dev.js:35:11808)
    at /app/node_modules/next/dist/compiled/next-server/app-page.runtime.dev.js:35:16871
    at aw (/app/node_modules/next/dist/compiled/next-server/app-page.runtime.dev.js:35:16908) {
  digest: '2122755800'
}
TypeError: Cannot read properties of null (reading 'useContext')
    at t.useContext (/app/node_modules/next/dist/compiled/next-server/app-page.runtime.prod.js:12:109421)
    at f (/app/.next/server/chunks/503.js:1:42504)
    at h (/app/.next/server/chunks/503.js:1:34406)
    at au (/app/node_modules/next/dist/compiled/next-server/app-page.runtime.dev.js:35:10446)
    at /app/node_modules/next/dist/compiled/next-server/app-page.runtime.dev.js:35:15122
    at aw (/app/node_modules/next/dist/compiled/next-server/app-page.runtime.dev.js:35:16908)
    at a_ (/app/node_modules/next/dist/compiled/next-server/app-page.runtime.dev.js:35:49776)
    at ab (/app/node_modules/next/dist/compiled/next-server/app-page.runtime.dev.js:35:11808)
    at /app/node_modules/next/dist/compiled/next-server/app-page.runtime.dev.js:35:16871
    at aw (/app/node_modules/next/dist/compiled/next-server/app-page.runtime.dev.js:35:16908)

Error occurred prerendering page "/docs/USER_GUIDE". Read more: https://nextjs.org/docs/messages/prerender-error

TypeError: Cannot read properties of null (reading 'useContext')
    at t.useContext (/app/node_modules/next/dist/compiled/next-server/app-page.runtime.prod.js:12:109421)
    at f (/app/.next/server/chunks/503.js:1:42504)
    at h (/app/.next/server/chunks/503.js:1:34406)
    at au (/app/node_modules/next/dist/compiled/next-server/app-page.runtime.dev.js:35:10446)
    at /app/node_modules/next/dist/compiled/next-server/app-page.runtime.dev.js:35:15122
    at aw (/app/node_modules/next/dist/compiled/next-server/app-page.runtime.dev.js:35:16908)
    at a_ (/app/node_modules/next/dist/compiled/next-server/app-page.runtime.dev.js:35:49776)
    at ab (/app/node_modules/next/dist/compiled/next-server/app-page.runtime.dev.js:35:11808)
    at /app/node_modules/next/dist/compiled/next-server/app-page.runtime.dev.js:35:16871
    at aw (/app/node_modules/next/dist/compiled/next-server/app-page.runtime.dev.js:35:16908)
TypeError: Cannot read properties of null (reading 'useContext')
    at t.useContext (/app/node_modules/next/dist/compiled/next-server/app-page.runtime.prod.js:12:109421)
    at f (/app/.next/server/chunks/503.js:1:42504)
    at h (/app/.next/server/chunks/503.js:1:34406)
    at au (/app/node_modules/next/dist/compiled/next-server/app-page.runtime.dev.js:35:10446)
    at /app/node_modules/next/dist/compiled/next-server/app-page.runtime.dev.js:35:15122
    at aw (/app/node_modules/next/dist/compiled/next-server/app-page.runtime.dev.js:35:16908)
    at a_ (/app/node_modules/next/dist/compiled/next-server/app-page.runtime.dev.js:35:49776)
    at ab (/app/node_modules/next/dist/compiled/next-server/app-page.runtime.dev.js:35:11808)
    at /app/node_modules/next/dist/compiled/next-server/app-page.runtime.dev.js:35:16871
    at aw (/app/node_modules/next/dist/compiled/next-server/app-page.runtime.dev.js:35:16908) {
  digest: '2122755800'
}
TypeError: Cannot read properties of null (reading 'useContext')
    at t.useContext (/app/node_modules/next/dist/compiled/next-server/app-page.runtime.prod.js:12:109421)
    at f (/app/.next/server/chunks/503.js:1:42504)
    at h (/app/.next/server/chunks/503.js:1:34406)
    at au (/app/node_modules/next/dist/compiled/next-server/app-page.runtime.dev.js:35:10446)
    at /app/node_modules/next/dist/compiled/next-server/app-page.runtime.dev.js:35:15122
    at aw (/app/node_modules/next/dist/compiled/next-server/app-page.runtime.dev.js:35:16908)
    at a_ (/app/node_modules/next/dist/compiled/next-server/app-page.runtime.dev.js:35:49776)
    at ab (/app/node_modules/next/dist/compiled/next-server/app-page.runtime.dev.js:35:11808)
    at /app/node_modules/next/dist/compiled/next-server/app-page.runtime.dev.js:35:16871
    at aw (/app/node_modules/next/dist/compiled/next-server/app-page.runtime.dev.js:35:16908)

Error occurred prerendering page "/docs/OAUTH_SETUP". Read more: https://nextjs.org/docs/messages/prerender-error

TypeError: Cannot read properties of null (reading 'useContext')
    at t.useContext (/app/node_modules/next/dist/compiled/next-server/app-page.runtime.prod.js:12:109421)
    at f (/app/.next/server/chunks/503.js:1:42504)
    at h (/app/.next/server/chunks/503.js:1:34406)
    at au (/app/node_modules/next/dist/compiled/next-server/app-page.runtime.dev.js:35:10446)
    at /app/node_modules/next/dist/compiled/next-server/app-page.runtime.dev.js:35:15122
    at aw (/app/node_modules/next/dist/compiled/next-server/app-page.runtime.dev.js:35:16908)
    at a_ (/app/node_modules/next/dist/compiled/next-server/app-page.runtime.dev.js:35:49776)
    at ab (/app/node_modules/next/dist/compiled/next-server/app-page.runtime.dev.js:35:11808)
    at /app/node_modules/next/dist/compiled/next-server/app-page.runtime.dev.js:35:16871
    at aw (/app/node_modules/next/dist/compiled/next-server/app-page.runtime.dev.js:35:16908)
TypeError: Cannot read properties of null (reading 'useContext')
    at t.useContext (/app/node_modules/next/dist/compiled/next-server/app-page.runtime.prod.js:12:109421)
    at f (/app/.next/server/chunks/503.js:1:42504)
    at h (/app/.next/server/chunks/503.js:1:34406)
    at au (/app/node_modules/next/dist/compiled/next-server/app-page.runtime.dev.js:35:10446)
    at /app/node_modules/next/dist/compiled/next-server/app-page.runtime.dev.js:35:15122
    at aw (/app/node_modules/next/dist/compiled/next-server/app-page.runtime.dev.js:35:16908)
    at a_ (/app/node_modules/next/dist/compiled/next-server/app-page.runtime.dev.js:35:49776)
    at ab (/app/node_modules/next/dist/compiled/next-server/app-page.runtime.dev.js:35:11808)
    at /app/node_modules/next/dist/compiled/next-server/app-page.runtime.dev.js:35:16871
    at aw (/app/node_modules/next/dist/compiled/next-server/app-page.runtime.dev.js:35:16908) {
  digest: '2122755800'
}
TypeError: Cannot read properties of null (reading 'useContext')
    at t.useContext (/app/node_modules/next/dist/compiled/next-server/app-page.runtime.prod.js:12:109421)
    at f (/app/.next/server/chunks/503.js:1:42504)
    at h (/app/.next/server/chunks/503.js:1:34406)
    at au (/app/node_modules/next/dist/compiled/next-server/app-page.runtime.dev.js:35:10446)
    at /app/node_modules/next/dist/compiled/next-server/app-page.runtime.dev.js:35:15122
    at aw (/app/node_modules/next/dist/compiled/next-server/app-page.runtime.dev.js:35:16908)
    at a_ (/app/node_modules/next/dist/compiled/next-server/app-page.runtime.dev.js:35:49776)
    at ab (/app/node_modules/next/dist/compiled/next-server/app-page.runtime.dev.js:35:11808)
    at /app/node_modules/next/dist/compiled/next-server/app-page.runtime.dev.js:35:16871
    at aw (/app/node_modules/next/dist/compiled/next-server/app-page.runtime.dev.js:35:16908)

Error occurred prerendering page "/docs/TECHNICAL". Read more: https://nextjs.org/docs/messages/prerender-error

TypeError: Cannot read properties of null (reading 'useContext')
    at t.useContext (/app/node_modules/next/dist/compiled/next-server/app-page.runtime.prod.js:12:109421)
    at f (/app/.next/server/chunks/503.js:1:42504)
    at h (/app/.next/server/chunks/503.js:1:34406)
    at au (/app/node_modules/next/dist/compiled/next-server/app-page.runtime.dev.js:35:10446)
    at /app/node_modules/next/dist/compiled/next-server/app-page.runtime.dev.js:35:15122
    at aw (/app/node_modules/next/dist/compiled/next-server/app-page.runtime.dev.js:35:16908)
    at a_ (/app/node_modules/next/dist/compiled/next-server/app-page.runtime.dev.js:35:49776)
    at ab (/app/node_modules/next/dist/compiled/next-server/app-page.runtime.dev.js:35:11808)
    at /app/node_modules/next/dist/compiled/next-server/app-page.runtime.dev.js:35:16871
    at aw (/app/node_modules/next/dist/compiled/next-server/app-page.runtime.dev.js:35:16908)
TypeError: Cannot read properties of null (reading 'useContext')
    at t.useContext (/app/node_modules/next/dist/compiled/next-server/app-page.runtime.prod.js:12:109421)
    at f (/app/.next/server/chunks/503.js:1:42504)
    at h (/app/.next/server/chunks/503.js:1:34406)
    at au (/app/node_modules/next/dist/compiled/next-server/app-page.runtime.dev.js:35:10446)
    at /app/node_modules/next/dist/compiled/next-server/app-page.runtime.dev.js:35:15122
    at aw (/app/node_modules/next/dist/compiled/next-server/app-page.runtime.dev.js:35:16908)
    at a_ (/app/node_modules/next/dist/compiled/next-server/app-page.runtime.dev.js:35:49776)
    at ab (/app/node_modules/next/dist/compiled/next-server/app-page.runtime.dev.js:35:11808)
    at /app/node_modules/next/dist/compiled/next-server/app-page.runtime.dev.js:35:16871
    at aw (/app/node_modules/next/dist/compiled/next-server/app-page.runtime.dev.js:35:16908) {
  digest: '2122755800'
}
TypeError: Cannot read properties of null (reading 'useContext')
    at t.useContext (/app/node_modules/next/dist/compiled/next-server/app-page.runtime.prod.js:12:109421)
    at f (/app/.next/server/chunks/503.js:1:42504)
    at h (/app/.next/server/chunks/503.js:1:34406)
    at au (/app/node_modules/next/dist/compiled/next-server/app-page.runtime.dev.js:35:10446)
    at /app/node_modules/next/dist/compiled/next-server/app-page.runtime.dev.js:35:15122
    at aw (/app/node_modules/next/dist/compiled/next-server/app-page.runtime.dev.js:35:16908)
    at a_ (/app/node_modules/next/dist/compiled/next-server/app-page.runtime.dev.js:35:49776)
    at ab (/app/node_modules/next/dist/compiled/next-server/app-page.runtime.dev.js:35:11808)
    at /app/node_modules/next/dist/compiled/next-server/app-page.runtime.dev.js:35:16871
    at aw (/app/node_modules/next/dist/compiled/next-server/app-page.runtime.dev.js:35:16908)

Error occurred prerendering page "/docs/DEPLOYMENT". Read more: https://nextjs.org/docs/messages/prerender-error

TypeError: Cannot read properties of null (reading 'useContext')
    at t.useContext (/app/node_modules/next/dist/compiled/next-server/app-page.runtime.prod.js:12:109421)
    at f (/app/.next/server/chunks/503.js:1:42504)
    at h (/app/.next/server/chunks/503.js:1:34406)
    at au (/app/node_modules/next/dist/compiled/next-server/app-page.runtime.dev.js:35:10446)
    at /app/node_modules/next/dist/compiled/next-server/app-page.runtime.dev.js:35:15122
    at aw (/app/node_modules/next/dist/compiled/next-server/app-page.runtime.dev.js:35:16908)
    at a_ (/app/node_modules/next/dist/compiled/next-server/app-page.runtime.dev.js:35:49776)
    at ab (/app/node_modules/next/dist/compiled/next-server/app-page.runtime.dev.js:35:11808)
    at /app/node_modules/next/dist/compiled/next-server/app-page.runtime.dev.js:35:16871
    at aw (/app/node_modules/next/dist/compiled/next-server/app-page.runtime.dev.js:35:16908)
Error: <Html> should not be imported outside of pages/_document.
Read more: https://nextjs.org/docs/messages/no-document-import-in-page
    at Q (/app/node_modules/next/dist/compiled/next-server/pages.runtime.prod.js:16:5430)
    at I (/app/.next/server/chunks/682.js:6:1263)
    at renderWithHooks (/app/node_modules/react-dom/cjs/react-dom-server.browser.development.js:5658:16)
    at renderIndeterminateComponent (/app/node_modules/react-dom/cjs/react-dom-server.browser.development.js:5732:15)
    at renderElement (/app/node_modules/react-dom/cjs/react-dom-server.browser.development.js:5957:7)
    at renderNodeDestructiveImpl (/app/node_modules/react-dom/cjs/react-dom-server.browser.development.js:6115:11)
    at renderNodeDestructive (/app/node_modules/react-dom/cjs/react-dom-server.browser.development.js:6087:14)
    at finishClassComponent (/app/node_modules/react-dom/cjs/react-dom-server.browser.development.js:5688:3)
    at renderClassComponent (/app/node_modules/react-dom/cjs/react-dom-server.browser.development.js:5696:3)
    at renderElement (/app/node_modules/react-dom/cjs/react-dom-server.browser.development.js:5954:7)

Error occurred prerendering page "/500". Read more: https://nextjs.org/docs/messages/prerender-error

Error: <Html> should not be imported outside of pages/_document.
Read more: https://nextjs.org/docs/messages/no-document-import-in-page
    at Q (/app/node_modules/next/dist/compiled/next-server/pages.runtime.prod.js:16:5430)
    at I (/app/.next/server/chunks/682.js:6:1263)
    at renderWithHooks (/app/node_modules/react-dom/cjs/react-dom-server.browser.development.js:5658:16)
    at renderIndeterminateComponent (/app/node_modules/react-dom/cjs/react-dom-server.browser.development.js:5732:15)
    at renderElement (/app/node_modules/react-dom/cjs/react-dom-server.browser.development.js:5957:7)
    at renderNodeDestructiveImpl (/app/node_modules/react-dom/cjs/react-dom-server.browser.development.js:6115:11)
    at renderNodeDestructive (/app/node_modules/react-dom/cjs/react-dom-server.browser.development.js:6087:14)
    at finishClassComponent (/app/node_modules/react-dom/cjs/react-dom-server.browser.development.js:5688:3)
    at renderClassComponent (/app/node_modules/react-dom/cjs/react-dom-server.browser.development.js:5696:3)
    at renderElement (/app/node_modules/react-dom/cjs/react-dom-server.browser.development.js:5954:7)
Error: <Html> should not be imported outside of pages/_document.
Read more: https://nextjs.org/docs/messages/no-document-import-in-page
    at Q (/app/node_modules/next/dist/compiled/next-server/pages.runtime.prod.js:16:5430)
    at I (/app/.next/server/chunks/682.js:6:1263)
    at renderWithHooks (/app/node_modules/react-dom/cjs/react-dom-server.browser.development.js:5658:16)
    at renderIndeterminateComponent (/app/node_modules/react-dom/cjs/react-dom-server.browser.development.js:5732:15)
    at renderElement (/app/node_modules/react-dom/cjs/react-dom-server.browser.development.js:5957:7)
    at renderNodeDestructiveImpl (/app/node_modules/react-dom/cjs/react-dom-server.browser.development.js:6115:11)
    at renderNodeDestructive (/app/node_modules/react-dom/cjs/react-dom-server.browser.development.js:6087:14)
    at finishClassComponent (/app/node_modules/react-dom/cjs/react-dom-server.browser.development.js:5688:3)
    at renderClassComponent (/app/node_modules/react-dom/cjs/react-dom-server.browser.development.js:5696:3)
    at renderElement (/app/node_modules/react-dom/cjs/react-dom-server.browser.development.js:5954:7)

Error occurred prerendering page "/404". Read more: https://nextjs.org/docs/messages/prerender-error

Error: <Html> should not be imported outside of pages/_document.
Read more: https://nextjs.org/docs/messages/no-document-import-in-page
    at Q (/app/node_modules/next/dist/compiled/next-server/pages.runtime.prod.js:16:5430)
    at I (/app/.next/server/chunks/682.js:6:1263)
    at renderWithHooks (/app/node_modules/react-dom/cjs/react-dom-server.browser.development.js:5658:16)
    at renderIndeterminateComponent (/app/node_modules/react-dom/cjs/react-dom-server.browser.development.js:5732:15)
    at renderElement (/app/node_modules/react-dom/cjs/react-dom-server.browser.development.js:5957:7)
    at renderNodeDestructiveImpl (/app/node_modules/react-dom/cjs/react-dom-server.browser.development.js:6115:11)
    at renderNodeDestructive (/app/node_modules/react-dom/cjs/react-dom-server.browser.development.js:6087:14)
    at finishClassComponent (/app/node_modules/react-dom/cjs/react-dom-server.browser.development.js:5688:3)
    at renderClassComponent (/app/node_modules/react-dom/cjs/react-dom-server.browser.development.js:5696:3)
    at renderElement (/app/node_modules/react-dom/cjs/react-dom-server.browser.development.js:5954:7)
[2K[1G [37m[1m [22m[39m Generating static pages (11/14)  [36m[==  ][39mTypeError: Cannot read properties of null (reading 'useContext')
    at t.useContext (/app/node_modules/next/dist/compiled/next-server/app-page.runtime.prod.js:12:109421)
    at f (/app/.next/server/chunks/503.js:1:42504)
    at h (/app/.next/server/chunks/503.js:1:34406)
    at au (/app/node_modules/next/dist/compiled/next-server/app-page.runtime.dev.js:35:10446)
    at /app/node_modules/next/dist/compiled/next-server/app-page.runtime.dev.js:35:15122
    at aw (/app/node_modules/next/dist/compiled/next-server/app-page.runtime.dev.js:35:16908)
    at a_ (/app/node_modules/next/dist/compiled/next-server/app-page.runtime.dev.js:35:49776)
    at ab (/app/node_modules/next/dist/compiled/next-server/app-page.runtime.dev.js:35:11808)
    at /app/node_modules/next/dist/compiled/next-server/app-page.runtime.dev.js:35:16871
    at aw (/app/node_modules/next/dist/compiled/next-server/app-page.runtime.dev.js:35:16908) {
  digest: '2122755800'
}
TypeError: Cannot read properties of null (reading 'useContext')
    at t.useContext (/app/node_modules/next/dist/compiled/next-server/app-page.runtime.prod.js:12:109421)
    at f (/app/.next/server/chunks/503.js:1:42504)
    at h (/app/.next/server/chunks/503.js:1:34406)
    at au (/app/node_modules/next/dist/compiled/next-server/app-page.runtime.dev.js:35:10446)
    at /app/node_modules/next/dist/compiled/next-server/app-page.runtime.dev.js:35:15122
    at aw (/app/node_modules/next/dist/compiled/next-server/app-page.runtime.dev.js:35:16908)
    at a_ (/app/node_modules/next/dist/compiled/next-server/app-page.runtime.dev.js:35:49776)
    at ab (/app/node_modules/next/dist/compiled/next-server/app-page.runtime.dev.js:35:11808)
    at /app/node_modules/next/dist/compiled/next-server/app-page.runtime.dev.js:35:16871
    at aw (/app/node_modules/next/dist/compiled/next-server/app-page.runtime.dev.js:35:16908)

Error occurred prerendering page "/_not-found". Read more: https://nextjs.org/docs/messages/prerender-error

TypeError: Cannot read properties of null (reading 'useContext')
    at t.useContext (/app/node_modules/next/dist/compiled/next-server/app-page.runtime.prod.js:12:109421)
    at f (/app/.next/server/chunks/503.js:1:42504)
    at h (/app/.next/server/chunks/503.js:1:34406)
    at au (/app/node_modules/next/dist/compiled/next-server/app-page.runtime.dev.js:35:10446)
    at /app/node_modules/next/dist/compiled/next-server/app-page.runtime.dev.js:35:15122
    at aw (/app/node_modules/next/dist/compiled/next-server/app-page.runtime.dev.js:35:16908)
    at a_ (/app/node_modules/next/dist/compiled/next-server/app-page.runtime.dev.js:35:49776)
    at ab (/app/node_modules/next/dist/compiled/next-server/app-page.runtime.dev.js:35:11808)
    at /app/node_modules/next/dist/compiled/next-server/app-page.runtime.dev.js:35:16871
    at aw (/app/node_modules/next/dist/compiled/next-server/app-page.runtime.dev.js:35:16908)
TypeError: Cannot read properties of null (reading 'useContext')
    at t.useContext (/app/node_modules/next/dist/compiled/next-server/app-page.runtime.prod.js:12:109421)
    at f (/app/.next/server/chunks/503.js:1:42504)
    at h (/app/.next/server/chunks/503.js:1:34406)
    at au (/app/node_modules/next/dist/compiled/next-server/app-page.runtime.dev.js:35:10446)
    at /app/node_modules/next/dist/compiled/next-server/app-page.runtime.dev.js:35:15122
    at aw (/app/node_modules/next/dist/compiled/next-server/app-page.runtime.dev.js:35:16908)
    at a_ (/app/node_modules/next/dist/compiled/next-server/app-page.runtime.dev.js:35:49776)
    at ab (/app/node_modules/next/dist/compiled/next-server/app-page.runtime.dev.js:35:11808)
    at /app/node_modules/next/dist/compiled/next-server/app-page.runtime.dev.js:35:16871
    at aw (/app/node_modules/next/dist/compiled/next-server/app-page.runtime.dev.js:35:16908) {
  digest: '2122755800'
}
TypeError: Cannot read properties of null (reading 'useContext')
    at t.useContext (/app/node_modules/next/dist/compiled/next-server/app-page.runtime.prod.js:12:109421)
    at f (/app/.next/server/chunks/503.js:1:42504)
    at h (/app/.next/server/chunks/503.js:1:34406)
    at au (/app/node_modules/next/dist/compiled/next-server/app-page.runtime.dev.js:35:10446)
    at /app/node_modules/next/dist/compiled/next-server/app-page.runtime.dev.js:35:15122
    at aw (/app/node_modules/next/dist/compiled/next-server/app-page.runtime.dev.js:35:16908)
    at a_ (/app/node_modules/next/dist/compiled/next-server/app-page.runtime.dev.js:35:49776)
    at ab (/app/node_modules/next/dist/compiled/next-server/app-page.runtime.dev.js:35:11808)
    at /app/node_modules/next/dist/compiled/next-server/app-page.runtime.dev.js:35:16871
    at aw (/app/node_modules/next/dist/compiled/next-server/app-page.runtime.dev.js:35:16908)

Error occurred prerendering page "/login". Read more: https://nextjs.org/docs/messages/prerender-error

TypeError: Cannot read properties of null (reading 'useContext')
    at t.useContext (/app/node_modules/next/dist/compiled/next-server/app-page.runtime.prod.js:12:109421)
    at f (/app/.next/server/chunks/503.js:1:42504)
    at h (/app/.next/server/chunks/503.js:1:34406)
    at au (/app/node_modules/next/dist/compiled/next-server/app-page.runtime.dev.js:35:10446)
    at /app/node_modules/next/dist/compiled/next-server/app-page.runtime.dev.js:35:15122
    at aw (/app/node_modules/next/dist/compiled/next-server/app-page.runtime.dev.js:35:16908)
    at a_ (/app/node_modules/next/dist/compiled/next-server/app-page.runtime.dev.js:35:49776)
    at ab (/app/node_modules/next/dist/compiled/next-server/app-page.runtime.dev.js:35:11808)
    at /app/node_modules/next/dist/compiled/next-server/app-page.runtime.dev.js:35:16871
    at aw (/app/node_modules/next/dist/compiled/next-server/app-page.runtime.dev.js:35:16908)
TypeError: Cannot read properties of null (reading 'useContext')
    at t.useContext (/app/node_modules/next/dist/compiled/next-server/app-page.runtime.prod.js:12:109421)
    at f (/app/.next/server/chunks/503.js:1:42504)
    at h (/app/.next/server/chunks/503.js:1:34406)
    at au (/app/node_modules/next/dist/compiled/next-server/app-page.runtime.dev.js:35:10446)
    at /app/node_modules/next/dist/compiled/next-server/app-page.runtime.dev.js:35:15122
    at aw (/app/node_modules/next/dist/compiled/next-server/app-page.runtime.dev.js:35:16908)
    at a_ (/app/node_modules/next/dist/compiled/next-server/app-page.runtime.dev.js:35:49776)
    at ab (/app/node_modules/next/dist/compiled/next-server/app-page.runtime.dev.js:35:11808)
    at /app/node_modules/next/dist/compiled/next-server/app-page.runtime.dev.js:35:16871
    at aw (/app/node_modules/next/dist/compiled/next-server/app-page.runtime.dev.js:35:16908) {
  digest: '2122755800'
}
TypeError: Cannot read properties of null (reading 'useContext')
    at t.useContext (/app/node_modules/next/dist/compiled/next-server/app-page.runtime.prod.js:12:109421)
    at f (/app/.next/server/chunks/503.js:1:42504)
    at h (/app/.next/server/chunks/503.js:1:34406)
    at au (/app/node_modules/next/dist/compiled/next-server/app-page.runtime.dev.js:35:10446)
    at /app/node_modules/next/dist/compiled/next-server/app-page.runtime.dev.js:35:15122
    at aw (/app/node_modules/next/dist/compiled/next-server/app-page.runtime.dev.js:35:16908)
    at a_ (/app/node_modules/next/dist/compiled/next-server/app-page.runtime.dev.js:35:49776)
    at ab (/app/node_modules/next/dist/compiled/next-server/app-page.runtime.dev.js:35:11808)
    at /app/node_modules/next/dist/compiled/next-server/app-page.runtime.dev.js:35:16871
    at aw (/app/node_modules/next/dist/compiled/next-server/app-page.runtime.dev.js:35:16908)

Error occurred prerendering page "/admin". Read more: https://nextjs.org/docs/messages/prerender-error

TypeError: Cannot read properties of null (reading 'useContext')
    at t.useContext (/app/node_modules/next/dist/compiled/next-server/app-page.runtime.prod.js:12:109421)
    at f (/app/.next/server/chunks/503.js:1:42504)
    at h (/app/.next/server/chunks/503.js:1:34406)
    at au (/app/node_modules/next/dist/compiled/next-server/app-page.runtime.dev.js:35:10446)
    at /app/node_modules/next/dist/compiled/next-server/app-page.runtime.dev.js:35:15122
    at aw (/app/node_modules/next/dist/compiled/next-server/app-page.runtime.dev.js:35:16908)
    at a_ (/app/node_modules/next/dist/compiled/next-server/app-page.runtime.dev.js:35:49776)
    at ab (/app/node_modules/next/dist/compiled/next-server/app-page.runtime.dev.js:35:11808)
    at /app/node_modules/next/dist/compiled/next-server/app-page.runtime.dev.js:35:16871
    at aw (/app/node_modules/next/dist/compiled/next-server/app-page.runtime.dev.js:35:16908)
[2K[1G [37m[1m [22m[39m Generating static pages (13/14)  [36m[=== ][39m[2K[1G[?25h [32m[1mÔ£ô[22m[39m Generating static pages (14/14)

> Export encountered errors on following paths:
	/_error: /404
	/_error: /500
	/_not-found/page: /_not-found
	/admin/page: /admin
	/docs/[slug]/page: /docs/DEPLOYMENT
	/docs/[slug]/page: /docs/OAUTH_SETUP
	/docs/[slug]/page: /docs/TECHNICAL
	/docs/[slug]/page: /docs/USER_GUIDE
	/guilds/page: /guilds
	/history/page: /history
	/login/page: /login
	/members/page: /members
	/page: /
	/profile/page: /profile
[?25h[1G[0K\[1G[0K
